In file included from qsim_base_rvv.cc:22:
In file included from ./../lib/circuit_qsim_parser.h:22:
In file included from /scratch/ruimins/riscv_gnu_toolchain/install_glibc2.39/bin/../lib/gcc/riscv64-unknown-linux-gnu/15.1.0/../../../../riscv64-unknown-linux-gnu/include/c++/15.1.0/vector:67:
/scratch/ruimins/riscv_gnu_toolchain/install_glibc2.39/bin/../lib/gcc/riscv64-unknown-linux-gnu/15.1.0/../../../../riscv64-unknown-linux-gnu/include/c++/15.1.0/bits/stl_uninitialized.h:469:7: remark: vectorized loop (vectorization width: vscale x 4, interleaved count: 1) [-Rpass=loop-vectorize]
  469 |       for (; __n--; ++__first)
      |       ^
/scratch/ruimins/riscv_gnu_toolchain/install_glibc2.39/bin/../lib/gcc/riscv64-unknown-linux-gnu/15.1.0/../../../../riscv64-unknown-linux-gnu/include/c++/15.1.0/bits/stl_uninitialized.h:144:7: remark: vectorized loop (vectorization width: vscale x 4, interleaved count: 1) [-Rpass=loop-vectorize]
  144 |       for (; __first != __last; ++__first, (void)++__result)
      |       ^
In file included from qsim_base_rvv.cc:17:
In file included from /scratch/ruimins/riscv_gnu_toolchain/install_glibc2.39/bin/../lib/gcc/riscv64-unknown-linux-gnu/15.1.0/../../../../riscv64-unknown-linux-gnu/include/c++/15.1.0/algorithm:62:
/scratch/ruimins/riscv_gnu_toolchain/install_glibc2.39/bin/../lib/gcc/riscv64-unknown-linux-gnu/15.1.0/../../../../riscv64-unknown-linux-gnu/include/c++/15.1.0/bits/stl_algobase.h:924:7: remark: vectorized loop (vectorization width: vscale x 4, interleaved count: 1) [-Rpass=loop-vectorize]
  924 |       for (; __first != __last; ++__first)
      |       ^
In file included from qsim_base_rvv.cc:22:
In file included from ./../lib/circuit_qsim_parser.h:22:
In file included from /scratch/ruimins/riscv_gnu_toolchain/install_glibc2.39/bin/../lib/gcc/riscv64-unknown-linux-gnu/15.1.0/../../../../riscv64-unknown-linux-gnu/include/c++/15.1.0/vector:67:
/scratch/ruimins/riscv_gnu_toolchain/install_glibc2.39/bin/../lib/gcc/riscv64-unknown-linux-gnu/15.1.0/../../../../riscv64-unknown-linux-gnu/include/c++/15.1.0/bits/stl_uninitialized.h:144:7: remark: vectorized loop (vectorization width: vscale x 4, interleaved count: 1) [-Rpass=loop-vectorize]
  144 |       for (; __first != __last; ++__first, (void)++__result)
      |       ^
In file included from qsim_base_rvv.cc:17:
In file included from /scratch/ruimins/riscv_gnu_toolchain/install_glibc2.39/bin/../lib/gcc/riscv64-unknown-linux-gnu/15.1.0/../../../../riscv64-unknown-linux-gnu/include/c++/15.1.0/algorithm:62:
/scratch/ruimins/riscv_gnu_toolchain/install_glibc2.39/bin/../lib/gcc/riscv64-unknown-linux-gnu/15.1.0/../../../../riscv64-unknown-linux-gnu/include/c++/15.1.0/bits/stl_algobase.h:924:7: remark: vectorized loop (vectorization width: vscale x 4, interleaved count: 1) [-Rpass=loop-vectorize]
  924 |       for (; __first != __last; ++__first)
      |       ^
In file included from qsim_base_rvv.cc:22:
In file included from ./../lib/circuit_qsim_parser.h:22:
In file included from /scratch/ruimins/riscv_gnu_toolchain/install_glibc2.39/bin/../lib/gcc/riscv64-unknown-linux-gnu/15.1.0/../../../../riscv64-unknown-linux-gnu/include/c++/15.1.0/vector:67:
/scratch/ruimins/riscv_gnu_toolchain/install_glibc2.39/bin/../lib/gcc/riscv64-unknown-linux-gnu/15.1.0/../../../../riscv64-unknown-linux-gnu/include/c++/15.1.0/bits/stl_uninitialized.h:469:7: remark: vectorized loop (vectorization width: vscale x 4, interleaved count: 1) [-Rpass=loop-vectorize]
  469 |       for (; __n--; ++__first)
      |       ^
/scratch/ruimins/riscv_gnu_toolchain/install_glibc2.39/bin/../lib/gcc/riscv64-unknown-linux-gnu/15.1.0/../../../../riscv64-unknown-linux-gnu/include/c++/15.1.0/bits/stl_uninitialized.h:144:7: remark: vectorized loop (vectorization width: vscale x 4, interleaved count: 1) [-Rpass=loop-vectorize]
  144 |       for (; __first != __last; ++__first, (void)++__result)
      |       ^
/scratch/ruimins/riscv_gnu_toolchain/install_glibc2.39/bin/../lib/gcc/riscv64-unknown-linux-gnu/15.1.0/../../../../riscv64-unknown-linux-gnu/include/c++/15.1.0/bits/stl_uninitialized.h:144:7: remark: vectorized loop (vectorization width: vscale x 4, interleaved count: 1) [-Rpass=loop-vectorize]
In file included from qsim_base_rvv.cc:22:
In file included from ./../lib/circuit_qsim_parser.h:25:
In file included from ./../lib/gates_qsim.h:22:
In file included from ./../lib/gate.h:23:
In file included from ./../lib/matrix.h:22:
./../lib/bits.h:96:3: remark: vectorized loop (vectorization width: vscale x 4, interleaved count: 1) [-Rpass=loop-vectorize]
   96 |   for (unsigned i = 0; i < n; ++i) {
      |   ^
./../lib/bits.h:96:3: remark: vectorized loop (vectorization width: vscale x 4, interleaved count: 1) [-Rpass=loop-vectorize]
In file included from qsim_base_rvv.cc:22:
In file included from ./../lib/circuit_qsim_parser.h:25:
In file included from ./../lib/gates_qsim.h:22:
In file included from ./../lib/gate.h:23:
./../lib/matrix.h:285:5: remark: vectorized loop (vectorization width: vscale x 4, interleaved count: 1) [-Rpass=loop-vectorize]
  285 |     for (unsigned j = 0; j < n; ++j) {
      |     ^
In file included from qsim_base_rvv.cc:24:
./../lib/fuser_mqubit.h:294:7: remark: vectorized loop (vectorization width: vscale x 2, interleaved count: 1) [-Rpass=loop-vectorize]
  294 |       for (unsigned i = 0; i <= max_qubit1; ++i) {
      |       ^
In file included from qsim_base_rvv.cc:22:
In file included from ./../lib/circuit_qsim_parser.h:25:
In file included from ./../lib/gates_qsim.h:22:
In file included from ./../lib/gate.h:23:
./../lib/matrix.h:41:3: remark: vectorized loop (vectorization width: vscale x 4, interleaved count: 1) [-Rpass=loop-vectorize]
   41 |   for (unsigned i = 0; i < m.size(); ++i) {
      |   ^
./../lib/matrix.h:57:3: remark: vectorized loop (vectorization width: vscale x 4, interleaved count: 1) [-Rpass=loop-vectorize]
   57 |   for (unsigned i = 0; i < n; ++i) {
      |   ^
./../lib/matrix.h:195:3: remark: vectorized loop (vectorization width: vscale x 4, interleaved count: 1) [-Rpass=loop-vectorize]
  195 |   for (unsigned i = 0; i < m.size() / 2; ++i) {
      |   ^
./../lib/matrix.h:79:7: remark: vectorized loop (vectorization width: vscale x 4, interleaved count: 1) [-Rpass=loop-vectorize]
   79 |       for (unsigned k = 0; k < n; ++k) {
      |       ^
In file included from qsim_base_rvv.cc:22:
In file included from ./../lib/circuit_qsim_parser.h:22:
In file included from /scratch/ruimins/riscv_gnu_toolchain/install_glibc2.39/bin/../lib/gcc/riscv64-unknown-linux-gnu/15.1.0/../../../../riscv64-unknown-linux-gnu/include/c++/15.1.0/vector:67:
/scratch/ruimins/riscv_gnu_toolchain/install_glibc2.39/bin/../lib/gcc/riscv64-unknown-linux-gnu/15.1.0/../../../../riscv64-unknown-linux-gnu/include/c++/15.1.0/bits/stl_uninitialized.h:469:7: remark: vectorized loop (vectorization width: vscale x 2, interleaved count: 1) [-Rpass=loop-vectorize]
  469 |       for (; __n--; ++__first)
      |       ^
/scratch/ruimins/riscv_gnu_toolchain/install_glibc2.39/bin/../lib/gcc/riscv64-unknown-linux-gnu/15.1.0/../../../../riscv64-unknown-linux-gnu/include/c++/15.1.0/bits/stl_uninitialized.h:144:7: remark: vectorized loop (vectorization width: vscale x 2, interleaved count: 1) [-Rpass=loop-vectorize]
  144 |       for (; __first != __last; ++__first, (void)++__result)
      |       ^
In file included from qsim_base_rvv.cc:17:
In file included from /scratch/ruimins/riscv_gnu_toolchain/install_glibc2.39/bin/../lib/gcc/riscv64-unknown-linux-gnu/15.1.0/../../../../riscv64-unknown-linux-gnu/include/c++/15.1.0/algorithm:62:
/scratch/ruimins/riscv_gnu_toolchain/install_glibc2.39/bin/../lib/gcc/riscv64-unknown-linux-gnu/15.1.0/../../../../riscv64-unknown-linux-gnu/include/c++/15.1.0/bits/stl_algobase.h:924:7: remark: vectorized loop (vectorization width: vscale x 2, interleaved count: 1) [-Rpass=loop-vectorize]
  924 |       for (; __first != __last; ++__first)
      |       ^
In file included from qsim_base_rvv.cc:22:
In file included from ./../lib/circuit_qsim_parser.h:22:
In file included from /scratch/ruimins/riscv_gnu_toolchain/install_glibc2.39/bin/../lib/gcc/riscv64-unknown-linux-gnu/15.1.0/../../../../riscv64-unknown-linux-gnu/include/c++/15.1.0/vector:67:
/scratch/ruimins/riscv_gnu_toolchain/install_glibc2.39/bin/../lib/gcc/riscv64-unknown-linux-gnu/15.1.0/../../../../riscv64-unknown-linux-gnu/include/c++/15.1.0/bits/stl_uninitialized.h:144:7: remark: vectorized loop (vectorization width: vscale x 2, interleaved count: 1) [-Rpass=loop-vectorize]
  144 |       for (; __first != __last; ++__first, (void)++__result)
      |       ^
In file included from qsim_base_rvv.cc:17:
In file included from /scratch/ruimins/riscv_gnu_toolchain/install_glibc2.39/bin/../lib/gcc/riscv64-unknown-linux-gnu/15.1.0/../../../../riscv64-unknown-linux-gnu/include/c++/15.1.0/algorithm:62:
/scratch/ruimins/riscv_gnu_toolchain/install_glibc2.39/bin/../lib/gcc/riscv64-unknown-linux-gnu/15.1.0/../../../../riscv64-unknown-linux-gnu/include/c++/15.1.0/bits/stl_algobase.h:924:7: remark: vectorized loop (vectorization width: vscale x 2, interleaved count: 1) [-Rpass=loop-vectorize]
  924 |       for (; __first != __last; ++__first)
      |       ^
In file included from qsim_base_rvv.cc:22:
In file included from ./../lib/circuit_qsim_parser.h:22:
In file included from /scratch/ruimins/riscv_gnu_toolchain/install_glibc2.39/bin/../lib/gcc/riscv64-unknown-linux-gnu/15.1.0/../../../../riscv64-unknown-linux-gnu/include/c++/15.1.0/vector:67:
/scratch/ruimins/riscv_gnu_toolchain/install_glibc2.39/bin/../lib/gcc/riscv64-unknown-linux-gnu/15.1.0/../../../../riscv64-unknown-linux-gnu/include/c++/15.1.0/bits/stl_uninitialized.h:469:7: remark: vectorized loop (vectorization width: vscale x 2, interleaved count: 1) [-Rpass=loop-vectorize]
  469 |       for (; __n--; ++__first)
      |       ^
/scratch/ruimins/riscv_gnu_toolchain/install_glibc2.39/bin/../lib/gcc/riscv64-unknown-linux-gnu/15.1.0/../../../../riscv64-unknown-linux-gnu/include/c++/15.1.0/bits/stl_uninitialized.h:144:7: remark: vectorized loop (vectorization width: vscale x 2, interleaved count: 1) [-Rpass=loop-vectorize]
  144 |       for (; __first != __last; ++__first, (void)++__result)
      |       ^
/scratch/ruimins/riscv_gnu_toolchain/install_glibc2.39/bin/../lib/gcc/riscv64-unknown-linux-gnu/15.1.0/../../../../riscv64-unknown-linux-gnu/include/c++/15.1.0/bits/stl_uninitialized.h:144:7: remark: vectorized loop (vectorization width: vscale x 2, interleaved count: 1) [-Rpass=loop-vectorize]
In file included from qsim_base_rvv.cc:24:
./../lib/fuser_mqubit.h:651:5: remark: vectorized loop (vectorization width: vscale x 2, interleaved count: 1) [-Rpass=loop-vectorize]
  651 |     for (auto p : longest_seq) {
      |     ^
./../lib/fuser_mqubit.h:673:5: remark: vectorized loop (vectorization width: vscale x 2, interleaved count: 1) [-Rpass=loop-vectorize]
  673 |     for (auto p : longest_seq) {
      |     ^
In file included from qsim_base_rvv.cc:22:
In file included from ./../lib/circuit_qsim_parser.h:25:
In file included from ./../lib/gates_qsim.h:22:
In file included from ./../lib/gate.h:23:
./../lib/matrix.h:79:7: remark: vectorized loop (vectorization width: vscale x 4, interleaved count: 1) [-Rpass=loop-vectorize]
   79 |       for (unsigned k = 0; k < n; ++k) {
      |       ^
In file included from qsim_base_rvv.cc:23:
In file included from ./../lib/formux.h:19:
./../lib/parfor.h:109:5: remark: vectorized loop (vectorization width: vscale x 2, interleaved count: 1) [-Rpass=loop-vectorize]
  109 |     for (auto partial_result : partial_results) {
      |     ^
./../lib/parfor.h:60:7: remark: vectorized loop (vectorization width: vscale x 4, interleaved count: 1) [-Rpass=loop-vectorize]
   60 |       for (uint64_t i = 0; i < size; ++i) {
      |       ^
./../lib/parfor.h:92:7: remark: vectorized loop (vectorization width: vscale x 4, interleaved count: 1) [-Rpass=loop-vectorize]
   92 |       for (uint64_t i = 0; i < size; ++i) {
      |       ^
./../lib/parfor.h:84:9: remark: vectorized loop (vectorization width: vscale x 4, interleaved count: 1) [-Rpass=loop-vectorize]
   84 |         for (uint64_t i = i0; i < i1; ++i) {
      |         ^
In file included from qsim_base_rvv.cc:22:
In file included from ./../lib/circuit_qsim_parser.h:22:
In file included from /scratch/ruimins/riscv_gnu_toolchain/install_glibc2.39/bin/../lib/gcc/riscv64-unknown-linux-gnu/15.1.0/../../../../riscv64-unknown-linux-gnu/include/c++/15.1.0/vector:67:
/scratch/ruimins/riscv_gnu_toolchain/install_glibc2.39/bin/../lib/gcc/riscv64-unknown-linux-gnu/15.1.0/../../../../riscv64-unknown-linux-gnu/include/c++/15.1.0/bits/stl_uninitialized.h:469:7: remark: vectorized loop (vectorization width: vscale x 2, interleaved count: 1) [-Rpass=loop-vectorize]
  469 |       for (; __n--; ++__first)
      |       ^
/scratch/ruimins/riscv_gnu_toolchain/install_glibc2.39/bin/../lib/gcc/riscv64-unknown-linux-gnu/15.1.0/../../../../riscv64-unknown-linux-gnu/include/c++/15.1.0/bits/stl_uninitialized.h:144:7: remark: vectorized loop (vectorization width: vscale x 2, interleaved count: 1) [-Rpass=loop-vectorize]
  144 |       for (; __first != __last; ++__first, (void)++__result)
      |       ^
In file included from qsim_base_rvv.cc:17:
In file included from /scratch/ruimins/riscv_gnu_toolchain/install_glibc2.39/bin/../lib/gcc/riscv64-unknown-linux-gnu/15.1.0/../../../../riscv64-unknown-linux-gnu/include/c++/15.1.0/algorithm:62:
/scratch/ruimins/riscv_gnu_toolchain/install_glibc2.39/bin/../lib/gcc/riscv64-unknown-linux-gnu/15.1.0/../../../../riscv64-unknown-linux-gnu/include/c++/15.1.0/bits/stl_algobase.h:924:7: remark: vectorized loop (vectorization width: vscale x 2, interleaved count: 1) [-Rpass=loop-vectorize]
  924 |       for (; __first != __last; ++__first)
      |       ^
In file included from qsim_base_rvv.cc:22:
In file included from ./../lib/circuit_qsim_parser.h:22:
In file included from /scratch/ruimins/riscv_gnu_toolchain/install_glibc2.39/bin/../lib/gcc/riscv64-unknown-linux-gnu/15.1.0/../../../../riscv64-unknown-linux-gnu/include/c++/15.1.0/vector:67:
/scratch/ruimins/riscv_gnu_toolchain/install_glibc2.39/bin/../lib/gcc/riscv64-unknown-linux-gnu/15.1.0/../../../../riscv64-unknown-linux-gnu/include/c++/15.1.0/bits/stl_uninitialized.h:144:7: remark: vectorized loop (vectorization width: vscale x 2, interleaved count: 1) [-Rpass=loop-vectorize]
  144 |       for (; __first != __last; ++__first, (void)++__result)
      |       ^
In file included from qsim_base_rvv.cc:17:
In file included from /scratch/ruimins/riscv_gnu_toolchain/install_glibc2.39/bin/../lib/gcc/riscv64-unknown-linux-gnu/15.1.0/../../../../riscv64-unknown-linux-gnu/include/c++/15.1.0/algorithm:62:
/scratch/ruimins/riscv_gnu_toolchain/install_glibc2.39/bin/../lib/gcc/riscv64-unknown-linux-gnu/15.1.0/../../../../riscv64-unknown-linux-gnu/include/c++/15.1.0/bits/stl_algobase.h:924:7: remark: vectorized loop (vectorization width: vscale x 2, interleaved count: 1) [-Rpass=loop-vectorize]
  924 |       for (; __first != __last; ++__first)
      |       ^
In file included from qsim_base_rvv.cc:22:
In file included from ./../lib/circuit_qsim_parser.h:22:
In file included from /scratch/ruimins/riscv_gnu_toolchain/install_glibc2.39/bin/../lib/gcc/riscv64-unknown-linux-gnu/15.1.0/../../../../riscv64-unknown-linux-gnu/include/c++/15.1.0/vector:67:
/scratch/ruimins/riscv_gnu_toolchain/install_glibc2.39/bin/../lib/gcc/riscv64-unknown-linux-gnu/15.1.0/../../../../riscv64-unknown-linux-gnu/include/c++/15.1.0/bits/stl_uninitialized.h:469:7: remark: vectorized loop (vectorization width: vscale x 2, interleaved count: 1) [-Rpass=loop-vectorize]
  469 |       for (; __n--; ++__first)
      |       ^
/scratch/ruimins/riscv_gnu_toolchain/install_glibc2.39/bin/../lib/gcc/riscv64-unknown-linux-gnu/15.1.0/../../../../riscv64-unknown-linux-gnu/include/c++/15.1.0/bits/stl_uninitialized.h:144:7: remark: vectorized loop (vectorization width: vscale x 2, interleaved count: 1) [-Rpass=loop-vectorize]
  144 |       for (; __first != __last; ++__first, (void)++__result)
      |       ^
/scratch/ruimins/riscv_gnu_toolchain/install_glibc2.39/bin/../lib/gcc/riscv64-unknown-linux-gnu/15.1.0/../../../../riscv64-unknown-linux-gnu/include/c++/15.1.0/bits/stl_uninitialized.h:144:7: remark: vectorized loop (vectorization width: vscale x 2, interleaved count: 1) [-Rpass=loop-vectorize]
In file included from qsim_base_rvv.cc:27:
In file included from ./../lib/run_qsim.h:18:
In file included from /scratch/ruimins/riscv_gnu_toolchain/install_glibc2.39/bin/../lib/gcc/riscv64-unknown-linux-gnu/15.1.0/../../../../riscv64-unknown-linux-gnu/include/c++/15.1.0/random:52:
/scratch/ruimins/riscv_gnu_toolchain/install_glibc2.39/bin/../lib/gcc/riscv64-unknown-linux-gnu/15.1.0/../../../../riscv64-unknown-linux-gnu/include/c++/15.1.0/bits/random.tcc:404:7: remark: vectorized loop (vectorization width: vscale x 2, interleaved count: 1) [-Rpass=loop-vectorize]
  404 |       for (size_t __k = 0; __k < (__n - __m); ++__k)
      |       ^
/scratch/ruimins/riscv_gnu_toolchain/install_glibc2.39/bin/../lib/gcc/riscv64-unknown-linux-gnu/15.1.0/../../../../riscv64-unknown-linux-gnu/include/c++/15.1.0/bits/random.tcc:412:7: remark: vectorized loop (vectorization width: 2, interleaved count: 1) [-Rpass=loop-vectorize]
  412 |       for (size_t __k = (__n - __m); __k < (__n - 1); ++__k)
      |       ^
In file included from qsim_base_rvv.cc:23:
In file included from ./../lib/formux.h:19:
./../lib/parfor.h:92:7: remark: vectorized loop (vectorization width: vscale x 4, interleaved count: 1) [-Rpass=loop-vectorize]
   92 |       for (uint64_t i = 0; i < size; ++i) {
      |       ^
./../lib/parfor.h:84:9: remark: vectorized loop (vectorization width: vscale x 4, interleaved count: 1) [-Rpass=loop-vectorize]
   84 |         for (uint64_t i = i0; i < i1; ++i) {
      |         ^
./../lib/parfor.h:55:9: remark: vectorized loop (vectorization width: vscale x 4, interleaved count: 1) [-Rpass=loop-vectorize]
   55 |         for (uint64_t i = i0; i < i1; ++i) {
      |         ^
In file included from qsim_base_rvv.cc:30:
./../lib/simulator_rvv.h:282:9: remark: vectorized loop (vectorization width: vscale x 4, interleaved count: 1) [-Rpass=loop-vectorize]
  282 |         for (int j = 0; j < L; j++)
      |         ^
./../lib/simulator_rvv.h:296:9: remark: vectorized loop (vectorization width: vscale x 4, interleaved count: 1) [-Rpass=loop-vectorize]
  296 |         for (int x = 0; x < L; ++x)
      |         ^
./../lib/simulator_rvv.h:173:9: remark: vectorized loop (vectorization width: vscale x 2, interleaved count: 1) [-Rpass=loop-vectorize]
  173 |         for (unsigned i = 1; i < H; ++i)
      |         ^
./../lib/simulator_rvv.h:183:11: remark: vectorized loop (vectorization width: vscale x 2, interleaved count: 1) [-Rpass=loop-vectorize]
  183 |           for (unsigned k = 0; k < H; ++k)
      |           ^
./../lib/simulator_rvv.h:405:9: remark: vectorized loop (vectorization width: vscale x 4, interleaved count: 1) [-Rpass=loop-vectorize]
  405 |         for (int j = 0; j < L; j++)
      |         ^
./../lib/simulator_rvv.h:425:9: remark: vectorized loop (vectorization width: vscale x 4, interleaved count: 1) [-Rpass=loop-vectorize]
  425 |         for (int x = 0; x < L; ++x)
      |         ^
In file included from qsim_base_rvv.cc:28:
In file included from ./../lib/simmux.h:37:
In file included from ./../lib/simulator_basic.h:23:
./../lib/simulator.h:368:5: remark: vectorized loop (vectorization width: vscale x 2, interleaved count: 1) [-Rpass=loop-vectorize]
  368 |     for (auto q : cqs) {
      |     ^
